// Jest Snapshot v1, https://goo.gl/fbAQLP

exports[`Subtitle component SNAPSHOT: should render correctly 1`] = `
<p
  className="MuiTypography-root MuiTypography-h5 MuiTypography-colorTextSecondary MuiTypography-paragraph MuiTypography-alignCenter"
>
  RANDOM TEXT
</p>
`;
