// Jest Snapshot v1, https://goo.gl/fbAQLP

exports[`Title component SNAPSHOT: should render correctly 1`] = `
<h2
  className="MuiTypography-root MuiTypography-h6 MuiTypography-colorPrimary MuiTypography-gutterBottom"
>
  RANDOM TEXT
</h2>
`;
